[www.uct.ac.za/index.html]
[www.uct.ac.za/themes/custom/blip_uct/favicon.ico]
[backblue.gif]
[fade.gif]
[index.html]
[www.uct.ac.za/modules/contrib/ajax_loader/css/throbber-generald4de.css]
[www.uct.ac.za/modules/contrib/miniorange_saml/css/miniorange_saml.admind4de.css]
[www.uct.ac.za/modules/contrib/miniorange_saml/css/miniorange_saml.moduled4de.css]
[www.uct.ac.za/modules/custom/uct_paragraphs/css/uct_paragraphs.moduled4de.css]
[www.uct.ac.za/core/assets/vendor/jquery.ui/themes/base/cored4de.css]
[www.uct.ac.za/core/assets/vendor/jquery.ui/themes/base/controlgroupd4de.css]
[www.uct.ac.za/core/assets/vendor/jquery.ui/themes/base/checkboxradiod4de.css]
[www.uct.ac.za/core/assets/vendor/jquery.ui/themes/base/resizabled4de.css]
[www.uct.ac.za/core/assets/vendor/jquery.ui/themes/base/buttond4de.css]
[www.uct.ac.za/core/assets/vendor/jquery.ui/themes/base/dialogd4de.css]
[www.uct.ac.za/core/themes/stable/css/system/components/ajax-progress.moduled4de.css]
[www.uct.ac.za/core/themes/stable/css/system/components/align.moduled4de.css]
[www.uct.ac.za/core/themes/stable/css/system/components/autocomplete-loading.moduled4de.css]
[www.uct.ac.za/core/themes/stable/css/system/components/fieldgroup.moduled4de.css]
[www.uct.ac.za/core/themes/stable/css/system/components/container-inline.moduled4de.css]
[www.uct.ac.za/core/themes/stable/css/system/components/clearfix.moduled4de.css]
[www.uct.ac.za/core/themes/stable/css/system/components/details.moduled4de.css]
[www.uct.ac.za/core/themes/stable/css/system/components/hidden.moduled4de.css]
[www.uct.ac.za/core/themes/stable/css/system/components/item-list.moduled4de.css]
[www.uct.ac.za/core/themes/stable/css/system/components/js.moduled4de.css]
[www.uct.ac.za/core/themes/stable/css/system/components/nowrap.moduled4de.css]
[www.uct.ac.za/core/themes/stable/css/system/components/position-container.moduled4de.css]
[www.uct.ac.za/core/themes/stable/css/system/components/progress.moduled4de.css]
[www.uct.ac.za/core/themes/stable/css/system/components/reset-appearance.moduled4de.css]
[www.uct.ac.za/core/themes/stable/css/system/components/resize.moduled4de.css]
[www.uct.ac.za/core/themes/stable/css/system/components/sticky-header.moduled4de.css]
[www.uct.ac.za/core/themes/stable/css/system/components/system-status-counterd4de.css]
[www.uct.ac.za/core/themes/stable/css/system/components/system-status-report-countersd4de.css]
[www.uct.ac.za/core/themes/stable/css/system/components/system-status-report-general-infod4de.css]
[www.uct.ac.za/core/themes/stable/css/system/components/tabledrag.moduled4de.css]
[www.uct.ac.za/core/themes/stable/css/system/components/tablesort.moduled4de.css]
[www.uct.ac.za/core/themes/stable/css/system/components/tree-child.moduled4de.css]
[www.uct.ac.za/modules/contrib/blazy/css/blazyd4de.css]
[www.uct.ac.za/modules/contrib/blazy/css/components/blazy.ratiod4de.css]
[www.uct.ac.za/modules/contrib/blazy/css/components/blazy.mediad4de.css]
[www.uct.ac.za/core/themes/stable/css/filter/filter.captiond4de.css]
[www.uct.ac.za/core/themes/stable/css/media/filter.captiond4de.css]
[www.uct.ac.za/modules/contrib/webform/css/webform.formd4de.css]
[www.uct.ac.za/modules/contrib/webform/css/webform.element.details.toggled4de.css]
[www.uct.ac.za/modules/contrib/webform/css/webform.element.messaged4de.css]
[www.uct.ac.za/core/assets/vendor/jquery.ui/themes/base/themed4de.css]
[www.uct.ac.za/modules/contrib/ajax_loader/css/pulsed4de.css]
[use.fontawesome.com/releases/v5.13.1/css/all.css]
[use.fontawesome.com/releases/v5.13.1/css/v4-shims.css]
[www.uct.ac.za/sites/default/files/subsite_themes/subsite_theme_5/subsite_theme_5.themed4de.css]
[www.uct.ac.za/modules/custom/uct_socialmedia/css/uct_socialmedia.listd4de.css]
[www.uct.ac.za/modules/custom/uct_nodelibs/lib/general-theme-additions/general-theme-additions-globald4de.css]
[www.uct.ac.za/modules/custom/uct_nodelibs/lib/general-theme-additions/general-theme-additions-utilityd4de.css]
[www.uct.ac.za/modules/custom/uct_nodelibs/lib/general-theme-additions/general-theme-additionsd4de.css]
[www.uct.ac.za/modules/custom/uct_nodelibs/lib/MJ-Accordion/accordion-view-cssd4de.css]
[www.uct.ac.za/modules/custom/uct_nodelibs/lib/UCT-main-home/UCT-main-homed4de.css]
[www.uct.ac.za/modules/contrib/better_exposed_filters/css/better_exposed_filtersd4de.css]
[www.uct.ac.za/webform/css/main_iamiwantd4de.css]
[www.uct.ac.za/modules/contrib/webform/css/webform.theme.classyd4de.css]
[www.uct.ac.za/modules/custom/uct_themer/css/uct_themer.masthead_banner.themed4de.css]
[www.uct.ac.za/modules/custom/uct_ui/css/uct_ui.toolbar.themed4de.css]
[www.uct.ac.za/core/themes/stable/css/core/assets/vendor/normalize-css/normalized4de.css]
[www.uct.ac.za/core/themes/stable/css/core/normalize-fixesd4de.css]
[www.uct.ac.za/themes/custom/blip_uct/css/pagebuilder/rw_pagebuilder.moduled4de.css]
[www.uct.ac.za/libraries/slick/slick/slickd4de.css]
[www.uct.ac.za/core/themes/classy/css/components/progressd4de.css]
[www.uct.ac.za/core/themes/classy/css/components/dialogd4de.css]
[www.uct.ac.za/themes/custom/blip_uct/css/pagebuilder/rw_pagebuilder.admin.themed4de.css]
[www.uct.ac.za/themes/custom/blip_uct/css/appd4de.css]
[www.uct.ac.za/themes/custom/blip_uct/css/atoms/global/fontsd4de.css]
[www.uct.ac.za/themes/custom/blip_uct/css/atoms/text/headingsd4de.css]
[www.uct.ac.za/themes/custom/blip_uct/css/atoms/text/paragraphsd4de.css]
[www.uct.ac.za/themes/custom/blip_uct/css/atoms/text/blockquoted4de.css]
[www.uct.ac.za/themes/custom/blip_uct/css/atoms/button/button-hyperlinkd4de.css]
[www.uct.ac.za/themes/custom/blip_uct/css/molecules/autocomplete/autocompleted4de.css]
[www.uct.ac.za/themes/custom/blip_uct/css/pages/album/album.modald4de.css]
[www.uct.ac.za/themes/custom/blip_uct/css/paragraphs/wysiwyg/wysiwygd4de.css]
[www.uct.ac.za/themes/custom/blip_uct/css/molecules/teaser/teaserd4de.css]
[www.uct.ac.za/themes/custom/blip_uct/css/templates/node/noded4de.css]
[www.uct.ac.za/themes/custom/blip_uct/css/organisms/views/views-exposed-formd4de.css]
[www.uct.ac.za/themes/custom/blip_uct/css/molecules/carousel-slide/carousel-slided4de.css]
[www.uct.ac.za/themes/custom/blip_uct/css/templates/webform/webform.elementsd4de.css]
[www.uct.ac.za/themes/custom/blip_uct/css/templates/webform/webform.flexd4de.css]
[www.uct.ac.za/themes/custom/blip_uct/css/templates/webform/select2d4de.css]
[www.uct.ac.za/themes/custom/blip_uct/css/templates/page/paged4de.css]
[www.google-analytics.com/analytics.js]
[www.uct.ac.za/research-support-hub.html]
[www.uct.ac.za/sites/default/files/styles/slide_large/public/media/images/uct_ac_za/2022-10-20_slide_yirc0ab.png]
[www.uct.ac.za/sites/default/files/styles/slide_large/public/media/images/uct_ac_za/2022-10-21_slide_h3dlaurenkelly_05aabb.png]
[www.uct.ac.za/sites/default/files/styles/slide_large/public/media/images/uct_ac_za/futureUCTgraduateV214d7.png]
[www.uct.ac.za/students/applications-apply-undergraduate-qualifications/application-procedure.html]
[www.uct.ac.za/transformation/vision-2030.html]
[www.uct.ac.za/sites/default/files/media/images/uct_ac_za/UCT_vision-2030-logo-bg.png]
[www.uct.ac.za/research-innovation/rankings.html]
[www.uct.ac.za/sites/default/files/media/images/uct_ac_za/2022-10-14_slide_rankingsphoto.png]
[www.uct.ac.za/articles/2022-08-22-uct-ranks-the-best-in-africa.html]
[www.uct.ac.za/sites/default/files/styles/teaser_100x100/public/media/images/uct_ac_za/2022-08-23_uctranks_03000e.png]
[www.uct.ac.za/articles/2022-02-01-five-uct-subjects-shanghairankings-gras-top-100.html]
[www.uct.ac.za/sites/default/files/styles/teaser_100x100/public/media/images/uct_ac_za/2022-08-05_uctranking_gras80bb.png]
[www.uct.ac.za/articles/2022-06-17-uct-remains-top-in-africa.html]
[www.uct.ac.za/sites/default/files/styles/teaser_100x100/public/media/images/uct_ac_za/2022-06-17_uctranking_qsc736.png]
[www.uct.ac.za/articles/2022-02-01-uct-gsb-reached-its-highest-ranking-date-customised-programmes.html]
[www.uct.ac.za/sites/default/files/styles/teaser_100x100/public/media/images/uct_ac_za/2022-05-31_uctranking_gsb5853.png]
[www.uct.ac.za/sites/default/files/styles/slide_large/public/media/images/uct_ac_za/2022-08-23b_sustainable_development_goals_un78d3.png]
[www.uct.ac.za/research-innovation/uct-and-un-sustainable-development-goals.html]
[www.uct.ac.za/sites/default/files/styles/slide_large/public/media/images/uct_ac_za/Chemimal engineering Lab3b6c.png]
[www.uct.ac.za/sites/default/files/styles/slide_large/public/media/images/uct_ac_za/MeerKAT321c.png]
[www.uct.ac.za/campus-life.html]
[www.uct.ac.za/students/prospective-students-faqs/applications-admissions-faq.html]
[www.uct.ac.za/students/support-health-counselling/student-wellness-service.html]
[www.uct.ac.za/students/applications/key-dates.html]
[www.uct.ac.za/students/study-uct-handbooks/handbooks.html]
[www.uct.ac.za/students/fees-funding-fees/fees-handbook.html]
[www.uct.ac.za/students/applications-admission-requirements/eligibility-admission.html]
[www.uct.ac.za/sites/default/files/media/images/uct_ac_za/study-at-uct-section-image.jpg]
[www.uct.ac.za/applicants-and-students.html]
[www.uct.ac.za/sites/default/files/styles/teaser_100x100/public/media/images/uct_ac_za/MH.BAC-15633.jpg]
[www.uct.ac.za/continuing-education.html]
[www.uct.ac.za/sites/default/files/styles/teaser_100x100/public/media/images/uct_ac_za/MH.StudyLibrary03983d.jpg]
[www.uct.ac.za/explore-uct-strategic-initiatives/uct-online-high-school.html]
[www.uct.ac.za/sites/default/files/styles/teaser_100x100/public/media/images/uct_ac_za/60f403afdeda590498dcd7a2_Find-out-moreeca6.jpg]
[www.uct.ac.za/uct-libraries.html]
[www.uct.ac.za/sites/default/files/styles/teaser_100x100/public/media/images/uct_ac_za/DSC_3188s0f1b.jpg]
[www.uct.ac.za/sites/default/files/styles/slide_large/public/media/images/uct_ac_za/amathuba_digital-learning_2_0fb81.png]
[www.uct.ac.za/sites/default/files/styles/slide_large/public/media/images/uct_ac_za/amathuba_user-friendlya87f.png]
[www.uct.ac.za/sites/default/files/styles/slide_large/public/media/images/uct_ac_za/amathuba_student-experiencede4a.png]
[www.uct.ac.za/events/essentials-nursing-sick-children.html]
[www.uct.ac.za/events/certificate-course-palliative-nursing-0.html]
[www.uct.ac.za/uct-notices.html]
[www.uct.ac.za/sites/default/files/js/js_xeRX2WOgAfXGg6HMXDpOkctu-egGZ6TKeU4mR7PP3hQ.js]
[www.uct.ac.za/libraries/slick/slick/slick.mina0fc.js]
[www.uct.ac.za/sites/default/files/js/js_iC8gtRJN54CJiG9Zjn3IIw5qSN9BAsd8pN5KWQWXxbg.js]
[www.uct.ac.za/themes/custom/blip_uct/js/album.modala0fc.js]
[www.uct.ac.za/themes/custom/blip_uct/js/album.overlaya0fc.js]
[www.uct.ac.za/themes/custom/blip_uct/js/album.carousela0fc.js]
[www.uct.ac.za/sites/default/files/js/js_9fmFjvBL8FRU8lYhWX5qigG349OKLf_UGDmV34Z04xs.js]
[cdnjs.cloudflare.com/ajax/libs/mathjax/2.7.0/MathJaxdda6.js]
[www.uct.ac.za/sites/default/files/js/js_v1TqK_39Z09WrqgQE7MNCa1YF12323c-zYlyYFiwcKM.js]
[www.uct.ac.za/webform/javascript/main_iamiwantd4de]
[www.uct.ac.za/sites/default/files/js/js_86YBlf12VUZ-Nvhr9Yp5uUAeN8naMWHDxoq28ZehS1g.js]
[www.uct.ac.za/index.html]
[www.uct.ac.za/modules/contrib/ajax_loader/css/throbber-generald4de.css]
[www.uct.ac.za/modules/contrib/miniorange_saml/css/miniorange_saml.admind4de.css]
[www.uct.ac.za/modules/contrib/miniorange_saml/css/miniorange_saml.moduled4de.css]
[www.uct.ac.za/modules/custom/uct_paragraphs/css/uct_paragraphs.moduled4de.css]
[www.uct.ac.za/core/assets/vendor/jquery.ui/themes/base/cored4de.css]
[www.uct.ac.za/core/assets/vendor/jquery.ui/themes/base/controlgroupd4de.css]
[www.uct.ac.za/core/assets/vendor/jquery.ui/themes/base/checkboxradiod4de.css]
[www.uct.ac.za/core/assets/vendor/jquery.ui/themes/base/resizabled4de.css]
[www.uct.ac.za/core/assets/vendor/jquery.ui/themes/base/buttond4de.css]
[www.uct.ac.za/core/assets/vendor/jquery.ui/themes/base/dialogd4de.css]
[www.uct.ac.za/core/themes/stable/images/core/throbber-active.gif]
[www.uct.ac.za/core/themes/stable/images/core/loading-small.gif]
[www.uct.ac.za/core/themes/stable/css/system/components/ajax-progress.moduled4de.css]
[www.uct.ac.za/core/themes/stable/css/system/components/align.moduled4de.css]
[www.uct.ac.za/core/themes/stable/images/core/throbber-inactive.png]
[www.uct.ac.za/core/themes/stable/css/system/components/autocomplete-loading.moduled4de.css]
[www.uct.ac.za/core/themes/stable/css/system/components/fieldgroup.moduled4de.css]
[www.uct.ac.za/core/themes/stable/css/system/components/container-inline.moduled4de.css]
[www.uct.ac.za/core/themes/stable/css/system/components/clearfix.moduled4de.css]
[www.uct.ac.za/core/themes/stable/css/system/components/details.moduled4de.css]
[www.uct.ac.za/core/themes/stable/css/system/components/hidden.moduled4de.css]
[www.uct.ac.za/core/themes/stable/css/system/components/item-list.moduled4de.css]
[www.uct.ac.za/core/themes/stable/css/system/components/js.moduled4de.css]
[www.uct.ac.za/core/themes/stable/css/system/components/nowrap.moduled4de.css]
[www.uct.ac.za/core/themes/stable/css/system/components/position-container.moduled4de.css]
[www.uct.ac.za/core/themes/stable/css/system/components/progress.moduled4de.css]
[www.uct.ac.za/core/themes/stable/css/system/components/reset-appearance.moduled4de.css]
[www.uct.ac.za/core/themes/stable/css/system/components/resize.moduled4de.css]
[www.uct.ac.za/core/themes/stable/css/system/components/sticky-header.moduled4de.css]
[www.uct.ac.za/core/themes/stable/css/system/components/system-status-counterd4de.css]
[www.uct.ac.za/core/themes/stable/css/system/components/system-status-report-countersd4de.css]
[www.uct.ac.za/core/themes/stable/css/system/components/system-status-report-general-infod4de.css]
[www.uct.ac.za/core/themes/stable/css/system/components/tabledrag.moduled4de.css]
[www.uct.ac.za/core/themes/stable/css/system/components/tablesort.moduled4de.css]
[www.uct.ac.za/core/themes/stable/images/core/tree.png]
[www.uct.ac.za/core/themes/stable/images/core/tree-bottom.png]
[www.uct.ac.za/core/themes/stable/css/system/components/tree-child.moduled4de.css]
[www.uct.ac.za/modules/contrib/blazy/css/blazyd4de.css]
[www.uct.ac.za/modules/contrib/blazy/css/components/blazy.ratiod4de.css]
[www.uct.ac.za/modules/contrib/blazy/css/components/blazy.mediad4de.css]
[www.uct.ac.za/core/themes/stable/css/filter/filter.captiond4de.css]
[www.uct.ac.za/core/themes/stable/css/media/filter.captiond4de.css]
[www.uct.ac.za/modules/contrib/webform/css/webform.formd4de.css]
[www.uct.ac.za/modules/contrib/webform/css/webform.element.details.toggled4de.css]
[www.uct.ac.za/modules/contrib/webform/css/webform.element.messaged4de.css]
[www.uct.ac.za/core/assets/vendor/jquery.ui/themes/base/images/ui-icons_444444_256x240.png]
[www.uct.ac.za/core/assets/vendor/jquery.ui/themes/base/images/ui-icons_555555_256x240.png]
[www.uct.ac.za/core/assets/vendor/jquery.ui/themes/base/images/ui-icons_ffffff_256x240.png]
[www.uct.ac.za/core/assets/vendor/jquery.ui/themes/base/images/ui-icons_777620_256x240.png]
[www.uct.ac.za/core/assets/vendor/jquery.ui/themes/base/images/ui-icons_cc0000_256x240.png]
[www.uct.ac.za/core/assets/vendor/jquery.ui/themes/base/images/ui-icons_777777_256x240.png]
[www.uct.ac.za/core/assets/vendor/jquery.ui/themes/base/themed4de.css]
[www.uct.ac.za/modules/contrib/ajax_loader/css/pulsed4de.css]
[use.fontawesome.com/releases/v5.13.1/css/all.css]
[use.fontawesome.com/releases/v5.13.1/css/v4-shims.css]
[www.uct.ac.za/sites/default/files/subsite_themes/subsite_theme_5/subsite_theme_5.themed4de.css]
[www.uct.ac.za/modules/custom/uct_socialmedia/css/uct_socialmedia.listd4de.css]
[www.uct.ac.za/modules/contrib/paragraphs/css/paragraphs.unpublishedd4de.css]
[www.uct.ac.za/modules/custom/uct_nodelibs/lib/general-theme-additions/general-theme-additions-globald4de.css]
[www.uct.ac.za/modules/custom/uct_nodelibs/lib/general-theme-additions/general-theme-additions-utilityd4de.css]
[www.uct.ac.za/sites/default/files/uct_ac_za/google_scholar.png]
[www.uct.ac.za/sites/default/files/uct_ac_za/vula.png]
[www.uct.ac.za/sites/default/files/uct_ac_za/libraries-icon-white.png]
[www.uct.ac.za/sites/default/files/uct_ac_za/libraries-icon.png]
[www.uct.ac.za/modules/custom/uct_nodelibs/lib/general-theme-additions/general-theme-additionsd4de.css]
[www.uct.ac.za/modules/custom/uct_nodelibs/lib/MJ-Accordion/accordion-view-cssd4de.css]
[www.uct.ac.za/sites/default/files/uct_ac_za/homepage-section-pattern-3-v2.png]
[www.uct.ac.za/sites/default/files/uct_ac_za/slide--graphic.png]
[www.uct.ac.za/sites/default/files/media/images/uct_ac_za/slide-colour-block.jpg]
[www.uct.ac.za/modules/custom/uct_nodelibs/lib/UCT-main-home/UCT-main-homed4de.css]
[www.uct.ac.za/modules/contrib/better_exposed_filters/css/better_exposed_filtersd4de.css]
[www.uct.ac.za/webform/css/main_iamiwantd4de.css]
[www.uct.ac.za/modules/contrib/webform/css/webform.theme.classyd4de.css]
[www.uct.ac.za/modules/custom/uct_themer/css/uct_themer.masthead_banner.themed4de.css]
[www.uct.ac.za/modules/custom/uct_ui/css/uct_ui.toolbar.themed4de.css]
[www.uct.ac.za/core/themes/stable/css/core/assets/vendor/normalize-css/normalized4de.css]
[www.uct.ac.za/core/themes/stable/css/core/normalize-fixesd4de.css]
[www.uct.ac.za/themes/custom/blip_uct/css/pagebuilder/rw_pagebuilder.moduled4de.css]
[www.uct.ac.za/libraries/slick/slick/slickd4de.css]
[www.uct.ac.za/core/themes/classy/css/components/progressd4de.css]
[www.uct.ac.za/core/misc/loading-small.gif]
[www.uct.ac.za/core/themes/classy/css/components/dialogd4de.css]
[www.uct.ac.za/themes/custom/blip_uct/css/pagebuilder/rw_pagebuilder.admin.themed4de.css]
[d3n8a8pro7vhmx.cloudfront.net/themes/57bc2931b928718162000001/attachments/original/1473338177/Home_lock84ef.png]
[www.uct.ac.za/themes/custom/blip_uct/css/appd4de.css]
[www.uct.ac.za/themes/custom/blip_uct/css/atoms/global/fontsd4de.css]
[www.uct.ac.za/themes/custom/blip_uct/css/atoms/text/headingsd4de.css]
[www.uct.ac.za/themes/custom/blip_uct/css/atoms/text/paragraphsd4de.css]
[www.uct.ac.za/themes/custom/blip_uct/css/atoms/text/blockquoted4de.css]
[www.uct.ac.za/themes/custom/blip_uct/css/atoms/button/button-hyperlinkd4de.css]
[www.uct.ac.za/themes/custom/blip_uct/css/molecules/autocomplete/autocompleted4de.css]
[www.uct.ac.za/themes/custom/blip_uct/css/pages/album/album.modald4de.css]
[www.uct.ac.za/themes/custom/blip_uct/css/paragraphs/wysiwyg/wysiwygd4de.css]
[www.uct.ac.za/themes/custom/blip_uct/css/molecules/teaser/teaserd4de.css]
[www.uct.ac.za/themes/custom/blip_uct/css/templates/node/noded4de.css]
[www.uct.ac.za/themes/custom/blip_uct/css/organisms/views/views-exposed-formd4de.css]
[www.uct.ac.za/themes/custom/blip_uct/css/molecules/carousel-slide/carousel-slided4de.css]
[www.uct.ac.za/themes/custom/blip_uct/css/templates/webform/webform.elementsd4de.css]
[www.uct.ac.za/themes/custom/blip_uct/css/templates/webform/webform.flexd4de.css]
[www.uct.ac.za/themes/custom/blip_uct/css/templates/webform/select2d4de.css]
[www.uct.ac.za/themes/custom/blip_uct/css/templates/page/paged4de.css]
[www.uct.ac.za/themes/custom/blip_uct/logo.svg]
[www.uct.ac.za/sites/default/files/subsite_themes/subsite_theme_78/subsite_theme_78.themed4de.css]
[www.uct.ac.za/modules/custom/uct_nodelibs/lib/nav-aside-active-tree/nav-aside-active-treed4de.css]
[www.uct.ac.za/modules/custom/uct_nodelibs/lib/nav-size-reduction/nav-size-reductiond4de.css]
[www.uct.ac.za/modules/custom/uct_nodelibs/lib/general-fullwidth-container/fullwidth-containerd4de.css]
[www.uct.ac.za/modules/custom/uct_nodelibs/lib/comp-carousel-fullwidth/fullwidth-carouselsd4de.css]
[www.uct.ac.za/themes/custom/blip_uct/css/molecules/hero/herod4de.css]
[www.uct.ac.za/themes/custom/blip_uct/css/molecules/breadcrumb/breadcrumbd4de.css]
[www.uct.ac.za/sites/default/files/uct_ac_za/RSH-header-branding.png]
[www.uct.ac.za/eresearch.html]
[www.uct.ac.za/sites/default/files/styles/slide_large/public/media/images/uct_ac_za/uct-research-support-hub-feat-rivoningo-khosa733f.jpg]
[www.uct.ac.za/sites/default/files/styles/slide_large/public/media/images/uct_ac_za/uct-research-support-hub-feat-afrika-monthec8b.jpg]
[www.uct.ac.za/sites/default/files/styles/slide_large/public/media/images/uct_ac_za/uct-research-support-hub-feat-design-thinking-vision-2030086e.jpg]
[www.uct.ac.za/research-support-hub/uct-vision-2030-grand-challenges-programmes-and-pilot-projects.html]
[www.uct.ac.za/sites/default/files/styles/slide_large/public/media/images/uct_ac_za/uct-research-support-hub-feat-rci-breakfastd9dc.jpg]
[www.uct.ac.za/research-support-hub/electronic-research-administration-era-system.html]
[www.uct.ac.za/sites/default/files/styles/teaser_100x100/public/media/images/uct_ac_za/uct-research-support-hub-feat-rci-breakfast4b03.jpg]
[www.uct.ac.za/research-support-hub/funding-contracts/current-funding-opportunities.html]
[www.uct.ac.za/sites/default/files/styles/teaser_100x100/public/media/images/uct_ac_za/uct-research-support-hub-feat-afrika-month2740.jpg]
[www.uct.ac.za/research-support-hub/researcher-development/emerging-researcher-programme-erp.html]
[www.uct.ac.za/sites/default/files/styles/teaser_100x100/public/media/images/uct_ac_za/uct-research-support-hub-feat-researchers-office5104.jpg]
[www.uct.ac.za/research-support-hub/accreditation-evaluation-nrf-ratings/nrf-rating-categories.html]
[www.uct.ac.za/sites/default/files/styles/teaser_100x100/public/media/images/uct_ac_za/uct-research-support-hub-feat-dr-banothile-makhubelada8f.jpg]
[www.uct.ac.za/research-support-hub/research-announcements.html]
[www.uct.ac.za/sites/default/files/media/images/uct_ac_za/rsh-wrapper-compass2.jpg]
[www.uct.ac.za/sites/default/files/media/images/uct_ac_za/uct-research-support-hub-four-steps-research-project.png]
[www.uct.ac.za/research-support-hub/proposals/step-step.html]
[www.uct.ac.za/research-support-hub/era-system/era-pre-awards-application-process.html]
[www.uct.ac.za/research-support-hub/research-integrity.html]
[www.uct.ac.za/research-support-hub/research-data/managing-research-data.html]
[www.uct.ac.za/research-support-hub/research-outputs.html]
[www.uct.ac.za/research-support-hub/accreditation-evaluation.html]
[www.uct.ac.za/sites/default/files/media/images/uct_ac_za/rsh-wrapper-people_0.jpg]
[www.uct.ac.za/sites/default/files/js/js_nHeaBfnMhQYAqiPwS-JhiSdM5ys3FpkrA-F7O5FSNkY.js]
[www.uct.ac.za/sites/default/files/js/js_xukzxuiaoz_JUEBANquFNhe9qqj_wQwOPLud7mBWHJw.js]
[www.uct.ac.za/research-support-hub.html]
[www.uct.ac.za/modules/contrib/entity_embed/css/entity_embed.filter.captiond4de.css]
[www.uct.ac.za/sites/default/files/subsite_themes/subsite_theme_15/subsite_theme_15.themed4de.css]
[www.uct.ac.za/sites/default/files/subsite_themes/global_menu/global_menu_39.themed4de.css]
[www.uct.ac.za/sites/default/files/uct_ac_za/students banner.png]
[www.uct.ac.za/students.html]
[www.uct.ac.za/students/fees-funding-fees/fee-structure.html]
[www.uct.ac.za/sites/default/files/content_migration/includes/images/UCTStudentsSite_SideBanner_ApplyOnline_194x62.jpg]
[www.uct.ac.za/students/fees-funding-fees/payment-and-rebate-deadlines.html]
[www.uct.ac.za/students/fees-funding-fees/payment-methods.html]
[www.uct.ac.za/students/fees-funding/undergraduate-funding.html]
[www.uct.ac.za/sites/default/files/js/js_3c9F5hmniNDPmsK34xC7zXbEo1IkJmIu1buJpVNWEZU.js]
[www.uct.ac.za/students/applications-apply-undergraduate-qualifications/application-procedure.html]
[www.uct.ac.za/transformation/V2030 colours]
[www.uct.ac.za/sites/default/files/styles/standard_med/public/media/images/uct_ac_za/slide-colour-block_083f9.jpg]
[www.uct.ac.za/sites/default/files/styles/hero_32_9_small/public/media/images/uct_ac_za/slide-colour-block_06b1f.jpg]
[www.uct.ac.za/sites/default/files/styles/hero_32_9_medium/public/media/images/uct_ac_za/slide-colour-block_0247a.jpg]
[www.uct.ac.za/sites/default/files/styles/hero_32_9_large/public/media/images/uct_ac_za/slide-colour-block_0aa83.jpg]
[www.uct.ac.za/sites/default/files/media/images/uct_ac_za/Vision2030_African-Motif_Full-Colour.png]
[www.uct.ac.za/transformation/excellence.html]
[www.uct.ac.za/explore-uct-transformation/transformation-overview.html]
[www.uct.ac.za/explore-uct-sustainability/introduction-sustainability.html]
[www.uct.ac.za/sites/default/files/media/images/uct_ac_za/V2030 Afrika Horisontal.jpg]
[www.uct.ac.za/teaching-learning/teaching-and-learning-uct.html]
[www.uct.ac.za/research-innovation/research-innovation-overview.html]
[www.uct.ac.za/transformation-sustainability-sustainability-projects/khusela-ikamva-sustainable-campus-project.html]
[www.uct.ac.za/sites/default/files/js/js_HvbTrA1lKkhFMlIxG1JDEC_FwXmk2yZnSoH3IoZbozA.js]
[www.uct.ac.za/sites/default/files/js/js_ddb5HrPtHi0N21OUbKinA_vKDeSJprOzBBFmpMGSMYk.js]
[www.uct.ac.za/transformation/vision-2030.html]
[www.uct.ac.za/sites/default/files/content_migration/includes/images/globe.png]
[www.uct.ac.za/sites/default/files/content_migration/includes/images/globe-map.png]
[www.uct.ac.za/sites/default/files/content_migration/includes/images/rankings-graph.png]
[www.uct.ac.za/sites/default/files/js/js_LkKHgNNj2gi6lkoI9lUf2Nhmiy1sG2FZc89xbzQJQyE.js]
[www.uct.ac.za/research-innovation/rankings.html]
[www.uct.ac.za/articles/2022-08-23_uctranks_03.png]
[www.uct.ac.za/sites/default/files/styles/standard_med/public/media/images/uct_ac_za/2022-08-23_uctranks_035407.png]
[www.uct.ac.za/themes/custom/blip_uct/css/vendor/easy-responsive-tabs/easy-responsive-tabsd4de.css]
[www.uct.ac.za/themes/custom/blip_uct/css/templates/article/articled4de.css]
[www.uct.ac.za/sites/default/files/styles/standard_lg/public/media/images/uct_ac_za/2022-08-23_uctranks_03404c.png]
[www.uct.ac.za/sites/default/files/styles/teaser_100x100/public/media/images/uct_ac_za/2022-10-27_slide_iapo_visas88b9.png]
[www.uct.ac.za/sites/default/files/styles/teaser_100x100/public/media/images/uct_ac_za/2022-10-20_slide_yirae34.png]
[www.uct.ac.za/sites/default/files/styles/teaser_100x100/public/media/images/uct_ac_za/2022-10-21_slide_h3dlaurenkelly_051917.png]
[www.uct.ac.za/sites/default/files/styles/teaser_100x100/public/media/images/uct_ac_za/2022-10-14_slide_rankingsphoto729e.png]
[www.uct.ac.za/sites/default/files/styles/teaser_100x100/public/media/images/uct_ac_za/2022-10-04_slide_lindaronnie6a36.png]
[www.uct.ac.za/sites/default/files/styles/teaser_100x100/public/media/images/uct_ac_za/amathuba_user-friendlya167.png]
[www.uct.ac.za/sites/default/files/js/js_-K39Zq7fr7sPRMtjDYAVyPtF12H7WQ43ueqXg2u7ZcE.js]
[www.uct.ac.za/sites/default/files/js/js_HPLEQ_1WSjddV_e2bZE6aKM8ADQf2pQpZGOWOBgPlUg.js]
[www.uct.ac.za/articles/2022-08-22-uct-ranks-the-best-in-africa.html]
[www.uct.ac.za/articles/2022-08-05_uctranking_gras.png]
[www.uct.ac.za/sites/default/files/styles/standard_med/public/media/images/uct_ac_za/2022-08-05_uctranking_gras5087.png]
[www.uct.ac.za/sites/default/files/styles/standard_lg/public/media/images/uct_ac_za/2022-08-05_uctranking_grasee80.png]
[www.uct.ac.za/articles/2022-02-01-five-uct-subjects-shanghairankings-gras-top-100.html]
[www.uct.ac.za/articles/2022-06-17_uctranking_qs.png]
[www.uct.ac.za/sites/default/files/styles/standard_med/public/media/images/uct_ac_za/2022-06-17_uctranking_qsa235.png]
[www.uct.ac.za/sites/default/files/styles/standard_lg/public/media/images/uct_ac_za/2022-06-17_uctranking_qs04ae.png]
[www.uct.ac.za/articles/2022-06-17-uct-remains-top-in-africa.html]
[www.uct.ac.za/articles/2022-05-31_uctranking_gsb.png]
[www.uct.ac.za/sites/default/files/styles/standard_med/public/media/images/uct_ac_za/2022-05-31_uctranking_gsb5ef4.png]
[www.uct.ac.za/sites/default/files/styles/standard_lg/public/media/images/uct_ac_za/2022-05-31_uctranking_gsb3cf8.html]
[www.uct.ac.za/articles/2022-02-01-uct-gsb-reached-its-highest-ranking-date-customised-programmes.html]
[www.uct.ac.za/research-innovation/uct-and-un-sustainable-development-goals.html]
[www.uct.ac.za/campus-life.html]
[www.uct.ac.za/students/prospective-students-faqs/applications-admissions-faq.html]
[www.uct.ac.za/students/support-health-counselling/student-wellness-service.html]
[www.uct.ac.za/students/applications/key-dates.html]
[www.uct.ac.za/students/study-uct-handbooks/handbooks.html]
[www.uct.ac.za/students/fees-funding-fees/fees-handbook.html]
[www.uct.ac.za/students/applications-admission-requirements/eligibility-admission.html]
[www.uct.ac.za/applicants-and-students.html]
[www.uct.ac.za/continuing-education.html]
[www.uct.ac.za/explore-uct-strategic-initiatives/uct-online-high-school.html]
[www.uct.ac.za/uct-libraries.html]
[www.uct.ac.za/events/essentials-nursing-sick-children.html]
[www.uct.ac.za/events/certificate-course-palliative-nursing-0.html]
[www.uct.ac.za/uct-notices.html]
[www.uct.ac.za/core/themes/stable/images/core/icons/e32700/error.svg]
[www.uct.ac.za/core/themes/stable/images/core/icons/e29700/warning.svg]
[www.uct.ac.za/core/themes/stable/images/core/icons/73b355/check.svg]
[www.uct.ac.za/core/themes/stable/images/core/icons/787878/move.svg]
[www.uct.ac.za/core/themes/stable/images/core/icons/000000/move.svg]
[www.uct.ac.za/core/themes/stable/images/core/icons/787878/twistie-down.svg]
[www.uct.ac.za/core/themes/stable/images/core/icons/787878/twistie-up.svg]
[www.uct.ac.za/sites/default/files/uct_ac_za/homepage-section-pattern-1.svg]
[www.uct.ac.za/sites/default/files/uct_ac_za/homepage-section-pattern-2.svg]
[www.uct.ac.za/themes/custom/blip_uct/images/icons/twistie-up.svg]
[www.uct.ac.za/themes/custom/blip_uct/images/icons/twistie-down.svg]
[www.uct.ac.za/themes/custom/blip_uct/images/icons/fa5-search.svg]
[www.uct.ac.za/sites/default/files/subsite_themes/subsite_theme_78/subsite_theme_78.themed4de.css]
[www.uct.ac.za/modules/custom/uct_nodelibs/lib/nav-aside-active-tree/nav-aside-active-treed4de.css]
[www.uct.ac.za/modules/custom/uct_nodelibs/lib/nav-size-reduction/nav-size-reductiond4de.css]
[www.uct.ac.za/modules/custom/uct_nodelibs/lib/general-fullwidth-container/fullwidth-containerd4de.css]
[www.uct.ac.za/modules/custom/uct_nodelibs/lib/comp-carousel-fullwidth/fullwidth-carouselsd4de.css]
[www.uct.ac.za/themes/custom/blip_uct/css/molecules/hero/herod4de.css]
[www.uct.ac.za/themes/custom/blip_uct/css/molecules/breadcrumb/breadcrumbd4de.css]
[www.uct.ac.za/eresearch.html]
[www.uct.ac.za/research-support-hub/uct-vision-2030-grand-challenges-programmes-and-pilot-projects.html]
[www.uct.ac.za/research-support-hub/electronic-research-administration-era-system.html]
[www.uct.ac.za/research-support-hub/funding-contracts/current-funding-opportunities.html]
[www.uct.ac.za/research-support-hub/researcher-development/emerging-researcher-programme-erp.html]
[www.uct.ac.za/research-support-hub/accreditation-evaluation-nrf-ratings/nrf-rating-categories.html]
[www.uct.ac.za/research-support-hub/research-announcements.html]
[www.uct.ac.za/research-support-hub/proposals/step-step.html]
[www.uct.ac.za/research-support-hub/era-system/era-pre-awards-application-process.html]
[www.uct.ac.za/research-support-hub/research-integrity.html]
[www.uct.ac.za/research-support-hub/research-data/managing-research-data.html]
[www.uct.ac.za/research-support-hub/research-outputs.html]
[www.uct.ac.za/research-support-hub/accreditation-evaluation.html]
[www.uct.ac.za/modules/contrib/entity_embed/css/entity_embed.filter.captiond4de.css]
[www.uct.ac.za/sites/default/files/subsite_themes/subsite_theme_15/subsite_theme_15.themed4de.css]
[www.uct.ac.za/sites/default/files/subsite_themes/global_menu/global_menu_39.themed4de.css]
[www.uct.ac.za/students.html]
[www.uct.ac.za/students/fees-funding-fees/fee-structure.html]
[www.uct.ac.za/students/fees-funding-fees/payment-and-rebate-deadlines.html]
[www.uct.ac.za/students/fees-funding-fees/payment-methods.html]
[www.uct.ac.za/students/fees-funding/undergraduate-funding.html]
[www.uct.ac.za/transformation/V2030 colours.html]
[www.uct.ac.za/transformation/excellence.html]
[www.uct.ac.za/explore-uct-transformation/transformation-overview.html]
[www.uct.ac.za/explore-uct-sustainability/introduction-sustainability.html]
[www.uct.ac.za/teaching-learning/teaching-and-learning-uct.html]
[www.uct.ac.za/research-innovation/research-innovation-overview.html]
[www.uct.ac.za/transformation-sustainability-sustainability-projects/khusela-ikamva-sustainable-campus-project.html]
[www.uct.ac.za/articles/2022-08-23_uctranks_03.html]
[www.uct.ac.za/themes/custom/blip_uct/css/vendor/easy-responsive-tabs/easy-responsive-tabsd4de.css]
[www.uct.ac.za/themes/custom/blip_uct/css/templates/article/articled4de.css]
[www.uct.ac.za/articles/2022-08-05_uctranking_gras.html]
[www.uct.ac.za/articles/2022-06-17_uctranking_qs.html]
[www.uct.ac.za/articles/2022-05-31_uctranking_gsb.html]
[www.uct.ac.za/sites/default/files/styles/standard_lg/public/media/images/uct_ac_za/2022-05-31_uctranking_gsb3cf8.html]
